FAIL	github.com/Aidin1998/pincex_unified/test [build failed]
FAIL
