=== RUN   TestBackpressureManager
    backpressure_test.go:16: Skipping integration test: requires running Kafka broker on localhost:9092.
--- SKIP: TestBackpressureManager (0.00s)
=== RUN   TestClientCapabilityDetector
    logger.go:146: 2025-06-03T20:28:59.366+1000	INFO	Starting client capability detector
=== RUN   TestClientCapabilityDetector/ClientRegistration
=== NAME  TestClientCapabilityDetector
    logger.go:146: 2025-06-03T20:28:59.366+1000	DEBUG	Client registered for capability detection	{"client_id": "test_detector_client"}
    logger.go:146: 2025-06-03T20:28:59.366+1000	INFO	Capability measurement processor started
    logger.go:146: 2025-06-03T20:28:59.366+1000	INFO	Client classification updater started
--- PASS: TestClientCapabilityDetector (0.20s)
    --- PASS: TestClientCapabilityDetector/ClientRegistration (0.20s)
=== RUN   TestAdaptiveRateLimiter
    logger.go:146: 2025-06-03T20:28:59.567+1000	INFO	Starting adaptive rate limiter
=== RUN   TestAdaptiveRateLimiter/BasicRateLimiting
=== NAME  TestAdaptiveRateLimiter
    logger.go:146: 2025-06-03T20:28:59.567+1000	INFO	System monitor started
    logger.go:146: 2025-06-03T20:28:59.567+1000	INFO	Adaptation engine started
    logger.go:146: 2025-06-03T20:28:59.567+1000	DEBUG	Created new rate limiter for client	{"client_id": "test_client_rate", "safe_rate": 10, "max_rate": 100}
=== RUN   TestAdaptiveRateLimiter/PriorityBasedRateLimiting
=== NAME  TestAdaptiveRateLimiter
    logger.go:146: 2025-06-03T20:28:59.567+1000	INFO	Metrics collector started
=== NAME  TestAdaptiveRateLimiter/PriorityBasedRateLimiting
    backpressure_test.go:137: Skipping flaky PriorityBasedRateLimiting test; requires deterministic environment.
=== NAME  TestAdaptiveRateLimiter
    logger.go:146: 2025-06-03T20:28:59.567+1000	INFO	Stopping adaptive rate limiter
    logger.go:146: 2025-06-03T20:28:59.567+1000	INFO	Adaptation engine shutting down
    logger.go:146: 2025-06-03T20:28:59.567+1000	INFO	System monitor shutting down
    logger.go:146: 2025-06-03T20:28:59.567+1000	INFO	Metrics collector shutting down
    logger.go:146: 2025-06-03T20:28:59.567+1000	INFO	Adaptive rate limiter stopped successfully
--- PASS: TestAdaptiveRateLimiter (0.00s)
    --- PASS: TestAdaptiveRateLimiter/BasicRateLimiting (0.00s)
    --- SKIP: TestAdaptiveRateLimiter/PriorityBasedRateLimiting (0.00s)
=== RUN   TestWebSocketIntegration
    backpressure_test.go:161: Skipping integration test: requires running Kafka broker on localhost:9092.
--- SKIP: TestWebSocketIntegration (0.00s)
=== RUN   TestSystemIntegration
    backpressure_test.go:206: Skipping integration test: requires running Kafka broker on localhost:9092.
--- SKIP: TestSystemIntegration (0.00s)
=== RUN   TestBackpressureManager_Unit
    backpressure_test.go:296: 
        	Error Trace:	C:/Orbit CEX/pincex_unified/internal/marketdata/backpressure/backpressure_test.go:296
        	Error:      	Received unexpected error:
        	            	failed to create cross-service coordinator: failed to create Kafka producer: kafka: client has run out of available brokers to talk to: dial tcp [::1]:9092: connectex: No connection could be made because the target machine actively refused it.
        	Test:       	TestBackpressureManager_Unit
--- FAIL: TestBackpressureManager_Unit (0.76s)
FAIL
FAIL	github.com/Aidin1998/pincex_unified/internal/marketdata/backpressure	1.076s
FAIL
